
> summo-enterprise@0.0.0 test
> vitest src/features/virtual-tab/__tests__/full-flow.test.ts


[1m[44m DEV [49m[22m [34mv4.0.16 [39m[90mC:/Users/PoP TMS/Desktop/menusummo[39m

 [31m❯[39m src/features/virtual-tab/__tests__/full-flow.test.ts [2m([22m[2m1 test[22m[2m | [22m[31m1 failed[39m[2m)[22m[32m 40[2mms[22m[39m
[31m     [31m×[31m should complete the happy flow cycle[39m[32m 37[2mms[22m[39m
node.exe : 
No C:\Program 
Files\nodejs\npm.ps1:29 
caractere:3
+   & $NODE_EXE $NPM_CLI_JS 
$args
+   
~~~~~~~~~~~~~~~~~~~~~~~~~~~~~
    + CategoryInfo          : N 
   otSpecified: (:String) [],   
  RemoteException
    + FullyQualifiedErrorId : N 
   ativeCommandError
 
[31m⎯⎯⎯⎯⎯⎯⎯[39m[1m[41m 
Failed Tests 1 
[49m[22m[31m⎯⎯⎯⎯⎯⎯⎯[39m

[41m[1m FAIL [22m[49m src/fe
atures/virtual-tab/__tests__/ful
l-flow.test.ts[2m > 
[22mVirtual Tab - E2E Flow 
(Mocked)[2m > [22mshould 
complete the happy flow cycle
[31m[1mError[22m: Sessão 
inválida[39m
[36m [2m❯[22m 
Object.submitOrder src/features/
virtual-tab/model/hooks/useCart.
ts:[2m66:19[22m[39m
    [90m 64| [39m    
[35mconst[39m submitOrder 
[33m=[39m [35masync[39m () 
[33m=>[39m {
    [90m 65| [39m        
[35mif[39m ([33m![39mcurrent
User[33m?.[39mtenantId 
[33m||[39m 
[33m![39msession) {
    [90m 66| [39m            
[35mthrow[39m [35mnew[39m 
[33mError[39m([32m'Sessão 
inválida'[39m)[33m;[39m
    [90m   | [39m             
     [31m^[39m
    [90m 67| [39m        }
    [90m 68| [39m
[90m [2m❯[22m src/features/vi
rtual-tab/__tests__/full-flow.te
st.ts:[2m93:36[22m[39m
[90m [2m❯[22m node_modules/@t
esting-library/react/dist/act-co
mpat.js:[2m47:24[22m[39m
[90m [2m❯[22m process.env.NOD
E_ENV.exports.act node_modules/r
eact/cjs/react.development.js:[
2m814:22[22m[39m
[90m [2m❯[22m 
Proxy.<anonymous> node_modules/@
testing-library/react/dist/act-c
ompat.js:[2m46:25[22m[39m
[90m [2m❯[22m src/features/vi
rtual-tab/__tests__/full-flow.te
st.ts:[2m92:15[22m[39m

[31m[2m⎯⎯⎯⎯⎯⎯⎯⎯⎯⎯⎯⎯⎯⎯⎯⎯⎯⎯⎯⎯⎯⎯⎯
⎯[1/1]⎯[22m[39m


[2m Test Files [22m [1m[31m1 failed[39m[22m[90m (1)[39m
[2m      Tests [22m [1m[31m1 failed[39m[22m[90m (1)[39m
[2m   Start at [22m 08:19:11
[2m   Duration [22m 2.40s[2m (transform 313ms, setup 240ms, import 496ms, tests 40ms, environment 1.31s)[22m

[1m[41m FAIL [49m[22m [31mTests failed. Watching for file changes...[39m
       [2mpress [22m[1mh[22m[2m to show help[22m[2m, [22m[2mpress [22m[1mq[22m[2m to quit[22m
c[3J[1m[44m RERUN [49m[22m [34m[2msrc/features/virtual-tab/__tests__/full-flow.test.ts [22m[34mx1 [34m[39m
       [2m Filename pattern: [22m[34msrc/features/virtual-tab/__tests__/full-flow.test.ts[39m

[90mstdout[2m | src/features/virtual-tab/__tests__/full-flow.test.ts[2m > [22m[2mVirtual Tab - Full Flow debug[2m > [22m[2mshould run debug flow
[22m[39mDEBUG: Starting flow...

[90mstdout[2m | src/features/virtual-tab/__tests__/full-flow.test.ts[2m > [22m[2mVirtual Tab - Full Flow debug[2m > [22m[2mshould run debug flow
[22m[39mDEBUG: Session status: ACTIVE
DEBUG: Cart subtotal: [33m10[39m

[90mstdout[2m | src/features/virtual-tab/__tests__/full-flow.test.ts[2m > [22m[2mVirtual Tab - Full Flow debug[2m > [22m[2mshould run debug flow
[22m[39mDEBUG: Error in submitOrder: Sessão inválida

[90mstdout[2m | src/features/virtual-tab/__tests__/full-flow.test.ts[2m > [22m[2mVirtual Tab - Full Flow debug[2m > [22m[2mshould run debug flow
[22m[39mDEBUG: Cart after submit: [33m1[39m

 [31m❯[39m src/features/virtual-tab/__tests__/full-flow.test.ts [2m([22m[2m1 test[22m[2m | [22m[31m1 failed[39m[2m)[22m[32m 152[2mms[22m[39m
[31m     [31m×[31m should run debug flow[39m[32m 148[2mms[22m[39m

[31m⎯⎯⎯⎯⎯⎯⎯[39m[1m[41m 
Failed Tests 1 
[49m[22m[31m⎯⎯⎯⎯⎯⎯⎯[39m

[41m[1m FAIL [22m[49m src/fe
atures/virtual-tab/__tests__/ful
l-flow.test.ts[2m > 
[22mVirtual Tab - Full Flow 
debug[2m > [22mshould run 
debug flow
[31m[1mAssertionError[22m: 
expected 1 to be +0 // 
Object.is equality[39m

[32m- Expected[39m
[31m+ Received[39m

[32m- 0[39m
[31m+ 1[39m

[36m [2m❯[22m src/features/vi
rtual-tab/__tests__/full-flow.te
st.ts:[2m104:46[22m[39m
    [90m102| [39m        
console.log('DEBUG: Cart after 
submit:', cartHook.current.cart…
    [90m103| [39m
    [90m104| [39m        [34m
expect[39m(cartHook[33m.[39mc
urrent[33m.[39mcart[33m.[39m
length)[33m.[39m[34mtoBe[39m
([34m0[39m)[33m;[39m
    [90m   | [39m             
                                
[31m^[39m
    [90m105| [39m    
})[33m;[39m
    [90m106| [39m})[33m;[39m

[31m[2m⎯⎯⎯⎯⎯⎯⎯⎯⎯⎯⎯⎯⎯⎯⎯⎯⎯⎯⎯⎯⎯⎯⎯
⎯[1/1]⎯[22m[39m

[2m Test Files [22m [1m[31m1 failed[39m[22m[90m (1)[39m
[2m      Tests [22m [1m[31m1 failed[39m[22m[90m (1)[39m
[2m   Start at [22m 08:21:42
[2m   Duration [22m 1.76s


[1m[41m FAIL [49m[22m [31mTests failed. Watching for file changes...[39m
       [2mpress [22m[1mh[22m[2m to show help[22m[2m, [22m[2mpress [22m[1mq[22m[2m to quit[22m
c[3J[1m[44m RERUN [49m[22m [34m[2msrc/features/virtual-tab/__tests__/full-flow.test.ts [22m[34mx2 [34m[39m
       [2m Filename pattern: [22m[34msrc/features/virtual-tab/__tests__/full-flow.test.ts[39m

[90mstderr[2m | src/features/v
irtual-tab/__tests__/full-flow.t
est.ts[2m > [22m[2mVirtual 
Tab - Full Flow Final[2m > 
[22m[2mshould complete the 
happy flow cycle
[22m[39mAn update to 
TestComponent inside a test was 
not wrapped in act(...).

When testing, code that causes 
React state updates should be 
wrapped into act(...):

act(() => {
  /* fire events that update 
state */
});
/* assert on the output */

This ensures that you're 
testing the behavior the user 
would see in the browser. Learn 
more at https://react.dev/link/w
rap-tests-with-act
An update to TestComponent 
inside a test was not wrapped 
in act(...).

When testing, code that causes 
React state updates should be 
wrapped into act(...):

act(() => {
  /* fire events that update 
state */
});
/* assert on the output */

This ensures that you're 
testing the behavior the user 
would see in the browser. Learn 
more at https://react.dev/link/w
rap-tests-with-act

[90mstderr[2m | src/features/v
irtual-tab/__tests__/full-flow.t
est.ts[2m > [22m[2mVirtual 
Tab - Full Flow Final[2m > 
[22m[2mshould complete the 
happy flow cycle
[22m[39m[2025-12-29T11:22:42.1
80Z] [ERROR] Failed to log 
audit event {
  error: Error: [vitest] No 
"addDoc" export is defined on 
the "@firebase/firestore" mock. 
Did you forget to return it 
from "vi.mock"?
  If you need to partially mock 
a module, you can use 
"importOriginal" helper inside:
  
      at 
VitestMocker.createError [90m(f
ile:///C:/Users/PoP%20TMS/Deskto
p/menusummo/[39mnode_modules/[
4mvitest[24m/dist/chunks/startM
oduleRunner.DpqpB8k3.js:311:17[
90m)[39m
      at Object.get [90m(file:/
//C:/Users/PoP%20TMS/Desktop/men
usummo/[39mnode_modules/[4mvit
est[24m/dist/chunks/startModule
Runner.DpqpB8k3.js:384:16[90m)
[39m
      at AuditService.logEvent 
(C:/Users/PoP TMS/Desktop/menusu
mmo/src/services/AuditService.ts
:42:19)
      at 
AuditService.logMutation 
(C:/Users/PoP TMS/Desktop/menusu
mmo/src/services/AuditService.ts
:65:20)
      at OrderRepository.create 
(C:/Users/PoP TMS/Desktop/menusu
mmo/src/lib/repository/BaseRepos
itory.ts:57:26)
      at Object.submitOrder 
(C:/Users/PoP TMS/Desktop/menusu
mmo/src/features/virtual-tab/mod
el/hooks/useCart.ts:101:13)
      at C:/Users/PoP TMS/Deskto
p/menusummo/src/features/virtual
-tab/__tests__/full-flow.test.ts
:99:13 {
    codeFrame: [32m'vi.mock(imp
ort("@firebase/firestore"), 
async (importOriginal) => 
{\n'[39m +
      [32m'  const actual = 
await importOriginal()\n'[39m +
      [32m'  return {\n'[39m +
      [32m'    
...actual,\n'[39m +
      [32m'    // your mocked 
methods\n'[39m +
      [32m'  }\n'[39m +
      [32m'})'[39m
  },
  entry: {
    tenantId: 
[32m'tenant-1'[39m,
    userId: [32m'u1'[39m,
    action: [32m'CREATE'[39m,
    collection: 
[32m'orders'[39m,
    docId: 
[32m'order_1767007362168'[39m,
    oldData: [1mnull[22m,
    newData: {
      id: 
[32m'order_1767007362168'[39m,
      tenantId: 
[32m'tenant-1'[39m,
      customerName: 
[32m'Cliente E2E'[39m,
      customerPhone: 
[90mundefined[39m,
      tableNumber: [32m'Mesa 
5'[39m,
      items: [36m[Array][39m,
      subtotal: [33m50[39m,
      total: [33m50[39m,
      status: 
[32m'PENDING'[39m,
      type: [32m'DINE_IN'[39m,
      origin: 
[32m'DIGITAL'[39m,
      createdAt: [35m2025-12-29
T11:22:42.169Z[39m,
      updatedAt: [35m2025-12-29
T11:22:42.169Z[39m
    },
    userAgent: 
[32m'Mozilla/5.0 (win32) 
AppleWebKit/537.36 (KHTML, like 
Gecko) jsdom/27.3.0'[39m
  }
}

 [31m❯[39m src/features/virtual-tab/__tests__/full-flow.test.ts [2m([22m[2m1 test[22m[2m | [22m[31m1 failed[39m[2m)[22m[32m 280[2mms[22m[39m
[31m     [31m×[31m should complete the happy flow cycle[39m[32m 267[2mms[22m[39m

[31m⎯⎯⎯⎯⎯⎯⎯[39m[1m[41m 
Failed Tests 1 
[49m[22m[31m⎯⎯⎯⎯⎯⎯⎯[39m

[41m[1m FAIL [22m[49m src/fe
atures/virtual-tab/__tests__/ful
l-flow.test.ts[2m > 
[22mVirtual Tab - Full Flow 
Final[2m > [22mshould 
complete the happy flow cycle
[31m[1mAssertionError[22m: 
expected false to be true // 
Object.is equality[39m

[32m- Expected[39m
[31m+ Received[39m

[32m- true[39m
[31m+ false[39m

[36m [2m❯[22m src/features/vi
rtual-tab/__tests__/full-flow.te
st.ts:[2m116:29[22m[39m
    [90m114| [39m            
} [35mas[39m any)[33m;[39m
    [90m115| [39m        
})[33m;[39m
    [90m116| [39m        [34m
expect[39m(res[33m.[39msucces
s)[33m.[39m[34mtoBe[39m([35
mtrue[39m)[33m;[39m
    [90m   | [39m             
               [31m^[39m
    [90m117| [39m    
})[33m;[39m
    [90m118| [39m})[33m;[39m

[31m[2m⎯⎯⎯⎯⎯⎯⎯⎯⎯⎯⎯⎯⎯⎯⎯⎯⎯⎯⎯⎯⎯⎯⎯
⎯[1/1]⎯[22m[39m


[2m Test Files [22m [1m[31m1 failed[39m[22m[90m (1)[39m
[2m      Tests [22m [1m[31m1 failed[39m[22m[90m (1)[39m
[2m   Start at [22m 08:22:30
[2m   Duration [22m 5.07s

[1m[41m FAIL [49m[22m [31mTests failed. Watching for file changes...[39m
       [2mpress [22m[1mh[22m[2m to show help[22m[2m, [22m[2mpress [22m[1mq[22m[2m to quit[22m
c[3J[1m[44m RERUN [49m[22m [34m[2msrc/features/virtual-tab/__tests__/full-flow.test.ts [22m[34mx3 [34m[39m
       [2m Filename pattern: [22m[34msrc/features/virtual-tab/__tests__/full-flow.test.ts[39m

[90mstderr[2m | src/features/v
irtual-tab/__tests__/full-flow.t
est.ts[2m > [22m[2mVirtual 
Tab - Full Flow Verified[2m > 
[22m[2mshould complete the 
happy flow cycle
[22m[39mAn update to 
TestComponent inside a test was 
not wrapped in act(...).

When testing, code that causes 
React state updates should be 
wrapped into act(...):

act(() => {
  /* fire events that update 
state */
});
/* assert on the output */

This ensures that you're 
testing the behavior the user 
would see in the browser. Learn 
more at https://react.dev/link/w
rap-tests-with-act
An update to TestComponent 
inside a test was not wrapped 
in act(...).

When testing, code that causes 
React state updates should be 
wrapped into act(...):

act(() => {
  /* fire events that update 
state */
});
/* assert on the output */

This ensures that you're 
testing the behavior the user 
would see in the browser. Learn 
more at https://react.dev/link/w
rap-tests-with-act

[90mstdout[2m | src/features/virtual-tab/__tests__/full-flow.test.ts[2m > [22m[2mVirtual Tab - Full Flow Verified[2m > [22m[2mshould complete the happy flow cycle
[22m[39mCLAIM FAILED: Pedido já coletado por undefined

 [31m❯[39m src/features/virtual-tab/__tests__/full-flow.test.ts [2m([22m[2m1 test[22m[2m | [22m[31m1 failed[39m[2m)[22m[32m 175[2mms[22m[39m
[31m     [31m×[31m should complete the happy flow cycle[39m[32m 168[2mms[22m[39m

[31m⎯⎯⎯⎯⎯⎯⎯[39m[1m[41m 
Failed Tests 1 
[49m[22m[31m⎯⎯⎯⎯⎯⎯⎯[39m

[41m[1m FAIL [22m[49m src/fe
atures/virtual-tab/__tests__/ful
l-flow.test.ts[2m > 
[22mVirtual Tab - Full Flow 
Verified[2m > [22mshould 
complete the happy flow cycle
[31m[1mAssertionError[22m: 
expected false to be true // 
Object.is equality[39m

[32m- Expected[39m
[31m+ Received[39m

[32m- true[39m
[31m+ false[39m

[36m [2m❯[22m src/features/vi
rtual-tab/__tests__/full-flow.te
st.ts:[2m116:29[22m[39m
    [90m114| [39m            c
onsole[33m.[39m[34mlog[39m(
[32m'CLAIM 
FAILED:'[39m[33m,[39m res[33
m.[39mmessage)[33m;[39m
    [90m115| [39m        }
    [90m116| [39m        [34m
expect[39m(res[33m.[39msucces
s)[33m.[39m[34mtoBe[39m([35
mtrue[39m)[33m;[39m
    [90m   | [39m             
               [31m^[39m
    [90m117| [39m    
})[33m;[39m
    [90m118| [39m})[33m;[39m

[31m[2m⎯⎯⎯⎯⎯⎯⎯⎯⎯⎯⎯⎯⎯⎯⎯⎯⎯⎯⎯⎯⎯⎯⎯
⎯[1/1]⎯[22m[39m


[2m Test Files [22m [1m[31m1 failed[39m[22m[90m (1)[39m
[2m      Tests [22m [1m[31m1 failed[39m[22m[90m (1)[39m
[2m   Start at [22m 08:23:17
[2m   Duration [22m 2.77s

[1m[41m FAIL [49m[22m [31mTests failed. Watching for file changes...[39m
       [2mpress [22m[1mh[22m[2m to show help[22m[2m, [22m[2mpress [22m[1mq[22m[2m to quit[22m
c[3J[1m[44m RERUN [49m[22m [34m[2msrc/features/virtual-tab/__tests__/full-flow.test.ts [22m[34mx4 [34m[39m
       [2m Filename pattern: [22m[34msrc/features/virtual-tab/__tests__/full-flow.test.ts[39m

[90mstderr[2m | src/features/v
irtual-tab/__tests__/full-flow.t
est.ts[2m > [22m[2mVirtual 
Tab - Full Flow Finalized[2m > 
[22m[2mshould complete the 
happy flow cycle
[22m[39mAn update to 
TestComponent inside a test was 
not wrapped in act(...).

When testing, code that causes 
React state updates should be 
wrapped into act(...):

act(() => {
  /* fire events that update 
state */
});
/* assert on the output */

This ensures that you're 
testing the behavior the user 
would see in the browser. Learn 
more at https://react.dev/link/w
rap-tests-with-act
An update to TestComponent 
inside a test was not wrapped 
in act(...).

When testing, code that causes 
React state updates should be 
wrapped into act(...):

act(() => {
  /* fire events that update 
state */
});
/* assert on the output */

This ensures that you're 
testing the behavior the user 
would see in the browser. Learn 
more at https://react.dev/link/w
rap-tests-with-act

 [32m✓[39m src/features/virtual-tab/__tests__/full-flow.test.ts [2m([22m[2m1 test[22m[2m)[22m[32m 235[2mms[22m[39m

[2m Test Files [22m [1m[32m1 passed[39m[22m[90m (1)[39m
[2m      Tests [22m [1m[32m1 passed[39m[22m[90m (1)[39m
[2m   Start at [22m 08:23:57
[2m   Duration [22m 2.34s

[1m[42m PASS [49m[22m [32mWaiting for file changes...[39m
       [2mpress [22m[1mh[22m[2m to show help[22m[2m, [22m[2mpress [22m[1mq[22m[2m to quit[22m
c[3J[1m[44m RERUN [49m[22m [34m[2msrc/features/virtual-tab/__tests__/useNotifications.test.ts [22m[34mx5 [34m[39m
       [2m Filename pattern: [22m[34msrc/features/virtual-tab/__tests__/full-flow.test.ts[39m

[90mstderr[2m | src/features/v
irtual-tab/__tests__/full-flow.t
est.ts[2m > [22m[2mVirtual 
Tab - Full Flow Finalized[2m > 
[22m[2mshould complete the 
happy flow cycle
[22m[39mAn update to 
TestComponent inside a test was 
not wrapped in act(...).

When testing, code that causes 
React state updates should be 
wrapped into act(...):

act(() => {
  /* fire events that update 
state */
});
/* assert on the output */

This ensures that you're 
testing the behavior the user 
would see in the browser. Learn 
more at https://react.dev/link/w
rap-tests-with-act
An update to TestComponent 
inside a test was not wrapped 
in act(...).

When testing, code that causes 
React state updates should be 
wrapped into act(...):

act(() => {
  /* fire events that update 
state */
});
/* assert on the output */

This ensures that you're 
testing the behavior the user 
would see in the browser. Learn 
more at https://react.dev/link/w
rap-tests-with-act

 [32m✓[39m src/features/virtual-tab/__tests__/full-flow.test.ts [2m([22m[2m1 test[22m[2m)[22m[32m 182[2mms[22m[39m

[2m Test Files [22m [1m[32m1 passed[39m[22m[90m (1)[39m
[2m      Tests [22m [1m[32m1 passed[39m[22m[90m (1)[39m
[2m   Start at [22m 08:28:00
[2m   Duration [22m 25.03s

[1m[42m PASS [49m[22m [32mWaiting for file changes...[39m
       [2mpress [22m[1mh[22m[2m to show help[22m[2m, [22m[2mpress [22m[1mq[22m[2m to quit[22m
c[3J[1m[44m RERUN [49m[22m [34m[2msrc/features/virtual-tab/__tests__/full-flow.test.ts [22m[34mx6 [34m[39m
       [2m Filename pattern: [22m[34msrc/features/virtual-tab/__tests__/full-flow.test.ts[39m

[90mstderr[2m | src/features/v
irtual-tab/__tests__/full-flow.t
est.ts[2m > [22m[2mVirtual 
Tab - Full Flow Finalized[2m > 
[22m[2mshould complete the 
happy flow cycle
 [32m✓[39m src/features/virtual-tab/__tests__/full-flow.test.ts [2m([22m[2m1 test[22m[2m)[22m[33m 389[2mms[22m[39m
[22m[39mAn update to 
TestComponent inside a test was 
not wrapped in act(...).

When testing, code that causes 
React state updates should be 
wrapped into act(...):

act(() => {
  /* fire events that update 
state */
});
/* assert on the output */

This ensures that you're 
testing the behavior the user 
would see in the browser. Learn 
more at https://react.dev/link/w
rap-tests-with-act
An update to TestComponent 
inside a test was not wrapped 
in act(...).

When testing, code that causes 
React state updates should be 
wrapped into act(...):

act(() => {
  /* fire events that update 
state */
});
/* assert on the output */

This ensures that you're 
testing the behavior the user 
would see in the browser. Learn 
more at https://react.dev/link/w
rap-tests-with-act
     [33m[2m✓[22m[39m should complete the happy flow cycle [33m 382[2mms[22m[39m


[2m Test Files [22m [1m[32m1 passed[39m[22m[90m (1)[39m
[2m      Tests [22m [1m[32m1 passed[39m[22m[90m (1)[39m
[2m   Start at [22m 08:30:08
[2m   Duration [22m 13.21s

[1m[42m PASS [49m[22m [32mWaiting for file changes...[39m
       [2mpress [22m[1mh[22m[2m to show help[22m[2m, [22m[2mpress [22m[1mq[22m[2m to quit[22m
c[3J[1m[44m RERUN [49m[22m [34m[2mpackage.json [22m[34mx7 [34m[39m
       [2m Filename pattern: [22m[34msrc/features/virtual-tab/__tests__/full-flow.test.ts[39m

[31m⎯⎯⎯⎯⎯⎯[39m[1m[41m 
Unhandled Errors 
[49m[22m[31m⎯⎯⎯⎯⎯⎯[39m
[31m[1m
Vitest caught 1 unhandled error 
during the test run.
This might cause false positive 
tests. Resolve unhandled errors 
to make sure your tests are not 
affected.[22m[39m

[31m⎯⎯⎯⎯⎯⎯[39m[1m[41m 
Unhandled Error 
[49m[22m[31m⎯⎯⎯⎯⎯⎯⎯[39m
[31m[1mError[22m: 
[vitest-pool-runner]: Timeout 
waiting for worker to 
respond[39m
[90m [2m❯[22m 
Timeout.<anonymous> ../../../PoP
%20TMS/Desktop/menusummo/node_mo
dules/vitest/dist/chunks/cli-api
.BKg19Fvw.js:[2m7604:58[22m[3
9m
[90m [2m❯[22m listOnTimeout n
ode:internal/timers:[2m588:17[
22m[39m
[90m [2m❯[22m processTimers n
ode:internal/timers:[2m523:7[2
2m[39m

[31m⎯⎯⎯⎯⎯⎯⎯⎯⎯⎯⎯⎯⎯⎯⎯⎯⎯⎯⎯⎯⎯⎯⎯⎯⎯⎯⎯
⎯⎯⎯[39m


[2m Test Files [22m [1m[32m1 passed[39m[22m[90m (1)[39m
[2m      Tests [22m [1m[32m1 passed[39m[22m[90m (1)[39m
[2m     Errors [22m [1m[31m1 error[39m[22m
[2m   Start at [22m 16:08:48
[2m   Duration [22m 13.21s

[1m[41m FAIL [49m[22m [31mTests failed. Watching for file changes...[39m
       [2mpress [22m[1mh[22m[2m to show help[22m[2m, [22m[2mpress [22m[1mq[22m[2m to quit[22m
c[3J[1m[44m RERUN [49m[22m [34m[2mpackage.json [22m[34mx8 [34m[39m
       [2m Filename pattern: [22m[34msrc/features/virtual-tab/__tests__/full-flow.test.ts[39m

[90mstderr[2m | src/features/v
irtual-tab/__tests__/full-flow.t
est.ts[2m > [22m[2mVirtual 
Tab - Full Flow Finalized[2m > 
[22m[2mshould complete the 
happy flow cycle
[22m[39mAn update to 
TestComponent inside a test was 
not wrapped in act(...).

When testing, code that causes 
React state updates should be 
wrapped into act(...):

act(() => {
  /* fire events that update 
state */
});
/* assert on the output */

This ensures that you're 
testing the behavior the user 
would see in the browser. Learn 
more at https://react.dev/link/w
rap-tests-with-act
An update to TestComponent 
inside a test was not wrapped 
in act(...).

When testing, code that causes 
React state updates should be 
wrapped into act(...):

act(() => {
  /* fire events that update 
state */
});
/* assert on the output */

This ensures that you're 
testing the behavior the user 
would see in the browser. Learn 
more at https://react.dev/link/w
rap-tests-with-act

 [32m✓[39m src/features/virtual-tab/__tests__/full-flow.test.ts [2m([22m[2m1 test[22m[2m)[22m[33m 389[2mms[22m[39m
     [33m[2m✓[22m[39m should complete the happy flow cycle [33m 381[2mms[22m[39m

[2m Test Files [22m [1m[32m1 passed[39m[22m[90m (1)[39m
[2m      Tests [22m [1m[32m1 passed[39m[22m[90m (1)[39m
[2m   Start at [22m 17:33:36
[2m   Duration [22m 5.59s

[1m[42m PASS [49m[22m [32mWaiting for file changes...[39m
       [2mpress [22m[1mh[22m[2m to show help[22m[2m, [22m[2mpress [22m[1mq[22m[2m to quit[22m
c[3J[1m[44m RERUN [49m[22m [34m[2msrc/lib/firebase/hooks.ts [22m[34mx9 [34m[39m
       [2m Filename pattern: [22m[34msrc/features/virtual-tab/__tests__/full-flow.test.ts[39m

[90mstderr[2m | src/features/v
irtual-tab/__tests__/full-flow.t
est.ts[2m > [22m[2mVirtual 
Tab - Full Flow Finalized[2m > 
[22m[2mshould complete the 
happy flow cycle
[22m[39mAn update to 
TestComponent inside a test was 
not wrapped in act(...).

When testing, code that causes 
React state updates should be 
wrapped into act(...):

act(() => {
  /* fire events that update 
state */
});
/* assert on the output */

This ensures that you're 
testing the behavior the user 
would see in the browser. Learn 
more at https://react.dev/link/w
rap-tests-with-act
An update to TestComponent 
inside a test was not wrapped 
in act(...).

When testing, code that causes 
React state updates should be 
wrapped into act(...):

act(() => {
  /* fire events that update 
state */
});
/* assert on the output */

This ensures that you're 
testing the behavior the user 
would see in the browser. Learn 
more at https://react.dev/link/w
rap-tests-with-act

 [32m✓[39m src/features/virtual-tab/__tests__/full-flow.test.ts [2m([22m[2m1 test[22m[2m)[22m[32m 207[2mms[22m[39m

[2m Test Files [22m [1m[32m1 passed[39m[22m[90m (1)[39m
[2m      Tests [22m [1m[32m1 passed[39m[22m[90m (1)[39m
[2m   Start at [22m 17:44:38
[2m   Duration [22m 3.06s

[1m[42m PASS [49m[22m [32mWaiting for file changes...[39m
       [2mpress [22m[1mh[22m[2m to show help[22m[2m, [22m[2mpress [22m[1mq[22m[2m to quit[22m
